C:\sistemas\Semestre 6\AMBIENTES COLABORATIVOS Y CONTROL DE VERSIONES GIT>mkdir ejemplo01

C:\sistemas\Semestre 6\AMBIENTES COLABORATIVOS Y CONTROL DE VERSIONES GIT>dir
 El volumen de la unidad C es OS
 El número de serie del volumen es: 8252-4D2B

 Directorio de C:\sistemas\Semestre 6\AMBIENTES COLABORATIVOS Y CONTROL DE VERSIONES GIT

10/03/2026  10:23 a. m.    <DIR>          .
27/02/2026  09:48 a. m.    <DIR>          ..
03/03/2026  10:26 a. m.    <DIR>          Documentacion
10/03/2026  10:23 a. m.    <DIR>          ejemplo01
03/03/2026  11:07 a. m.    <DIR>          Proyecto Biblioteca
19/02/2026  08:59 a. m.    <DIR>          Proyecto clonado
16/02/2026  09:52 a. m.    <DIR>          Proyecto_1
17/02/2026  10:39 a. m.    <DIR>          Proyecto_2
               0 archivos              0 bytes
               8 dirs  106,712,301,568 bytes libres

C:\sistemas\Semestre 6\AMBIENTES COLABORATIVOS Y CONTROL DE VERSIONES GIT>cd ejemplo01

C:\sistemas\Semestre 6\AMBIENTES COLABORATIVOS Y CONTROL DE VERSIONES GIT\ejemplo01>git init
Initialized empty Git repository in C:/sistemas/Semestre 6/AMBIENTES COLABORATIVOS Y CONTROL DE VERSIONES GIT/ejemplo01/.git/

C:\sistemas\Semestre 6\AMBIENTES COLABORATIVOS Y CONTROL DE VERSIONES GIT\ejemplo01>git global --config user.name "Angel"
git: 'global' is not a git command. See 'git --help'.

C:\sistemas\Semestre 6\AMBIENTES COLABORATIVOS Y CONTROL DE VERSIONES GIT\ejemplo01>git --config global user.name "Angel"
unknown option: --config
usage: git [-v | --version] [-h | --help] [-C <path>] [-c <name>=<value>]
           [--exec-path[=<path>]] [--html-path] [--man-path] [--info-path]
           [-p | --paginate | -P | --no-pager] [--no-replace-objects] [--no-lazy-fetch]
           [--no-optional-locks] [--no-advice] [--bare] [--git-dir=<path>]
           [--work-tree=<path>] [--namespace=<name>] [--config-env=<name>=<envvar>]
           <command> [<args>]

C:\sistemas\Semestre 6\AMBIENTES COLABORATIVOS Y CONTROL DE VERSIONES GIT\ejemplo01>git config --global user.name "Angel"

C:\sistemas\Semestre 6\AMBIENTES COLABORATIVOS Y CONTROL DE VERSIONES GIT\ejemplo01>git config --global user.email "angelvaldez20622@gmail.com"

C:\sistemas\Semestre 6\AMBIENTES COLABORATIVOS Y CONTROL DE VERSIONES GIT\ejemplo01>dir
 El volumen de la unidad C es OS
 El número de serie del volumen es: 8252-4D2B

 Directorio de C:\sistemas\Semestre 6\AMBIENTES COLABORATIVOS Y CONTROL DE VERSIONES GIT\ejemplo01

10/03/2026  10:29 a. m.    <DIR>          .
10/03/2026  10:23 a. m.    <DIR>          ..
10/03/2026  10:29 a. m.                 0 index.html.txt
               1 archivos              0 bytes
               2 dirs  106,710,872,064 bytes libres

C:\sistemas\Semestre 6\AMBIENTES COLABORATIVOS Y CONTROL DE VERSIONES GIT\ejemplo01>git add .

C:\sistemas\Semestre 6\AMBIENTES COLABORATIVOS Y CONTROL DE VERSIONES GIT\ejemplo01>git commit -m "iniciamos proyecto"
[master (root-commit) 312270c] iniciamos proyecto
 1 file changed, 0 insertions(+), 0 deletions(-)
 create mode 100644 index.html.txt

C:\sistemas\Semestre 6\AMBIENTES COLABORATIVOS Y CONTROL DE VERSIONES GIT\ejemplo01>git add .

C:\sistemas\Semestre 6\AMBIENTES COLABORATIVOS Y CONTROL DE VERSIONES GIT\ejemplo01>git commit -m "agregamos pagina1"
[master 27caf7d] agregamos pagina1
 1 file changed, 0 insertions(+), 0 deletions(-)
 create mode 100644 pagina1.html.txt

C:\sistemas\Semestre 6\AMBIENTES COLABORATIVOS Y CONTROL DE VERSIONES GIT\ejemplo01>git add .

C:\sistemas\Semestre 6\AMBIENTES COLABORATIVOS Y CONTROL DE VERSIONES GIT\ejemplo01>git commit -m "se agrego pagina2"
[master 329a272] se agrego pagina2
 1 file changed, 0 insertions(+), 0 deletions(-)
 create mode 100644 pagina2.html.txt

C:\sistemas\Semestre 6\AMBIENTES COLABORATIVOS Y CONTROL DE VERSIONES GIT\ejemplo01>git log
commit 329a272d0f489c5f103db189019b229fabe9139a (HEAD -> master)
Author: Angel <angelvaldez20622@gmail.com>
Date:   Tue Mar 10 10:34:43 2026 -0700

    se agrego pagina2

commit 27caf7d82ee2058aa40dfdc663378b99cb59c244
Author: Angel <angelvaldez20622@gmail.com>
Date:   Tue Mar 10 10:33:23 2026 -0700

    agregamos pagina1

commit 312270c4aa24f50e66cd0bdab36dd5f9fd49bdc6
Author: Angel <angelvaldez20622@gmail.com>
Date:   Tue Mar 10 10:31:04 2026 -0700

    iniciamos proyecto

C:\sistemas\Semestre 6\AMBIENTES COLABORATIVOS Y CONTROL DE VERSIONES GIT\ejemplo01>git log --online
fatal: unrecognized argument: --online

C:\sistemas\Semestre 6\AMBIENTES COLABORATIVOS Y CONTROL DE VERSIONES GIT\ejemplo01>git log --oneline
329a272 (HEAD -> master) se agrego pagina2
27caf7d agregamos pagina1
312270c iniciamos proyecto

C:\sistemas\Semestre 6\AMBIENTES COLABORATIVOS Y CONTROL DE VERSIONES GIT\ejemplo01>git reset --hard 329a272
HEAD is now at 329a272 se agrego pagina2

C:\sistemas\Semestre 6\AMBIENTES COLABORATIVOS Y CONTROL DE VERSIONES GIT\ejemplo01>git status
On branch master
nothing to commit, working tree clean

C:\sistemas\Semestre 6\AMBIENTES COLABORATIVOS Y CONTROL DE VERSIONES GIT\ejemplo01>